// Jest Snapshot v1, https://goo.gl/fbAQLP

exports[`PokemonPage  after mount should match with snapshot after pokemons are loaded 1`] = `
<div class="container">
  <h1 class="title">¿Cuál es ese Pokémon?</h1>
  <pokemon-picture-stub pokemonid="1" showpokemon="false"></pokemon-picture-stub>
  <pokemon-options-stub pokemons="[object Object],[object Object],[object Object],[object Object]"></pokemon-options-stub>
</div>
`;
