// Jest Snapshot v1, https://goo.gl/fbAQLP

exports[`PokemonPicture should match with snapshot 1`] = `<div class="pokemon-container"><img src="" class="blue" alt="background blue"><img src="https://raw.githubusercontent.com/PokeAPI/sprites/master/sprites/pokemon/other/dream-world/100.svg" class="hidden-pokemon pokemon" alt="pokemon"></div>`;
