// Jest Snapshot v1, https://goo.gl/fbAQLP

exports[`PokemonPicture when showPokemon:false should match with snapshot 1`] = `<div class="pokemon-img"><img src="" class="blue fade-in" alt="background blue" width="300"><img src="https://raw.githubusercontent.com/PokeAPI/sprites/master/sprites/pokemon/other/dream-world/100.svg" class="pokemon hidden-pokemon" alt="pokemon"></div>`;
