// Jest Snapshot v1, https://goo.gl/fbAQLP

exports[`PokemonOptions should match with snapshot 1`] = `
<ul class="options">
  <li>Bulbasaur</li>
  <li>Ivysaur</li>
  <li>Venusaur</li>
  <li>Charmander</li>
</ul>
`;
